version https://git-lfs.github.com/spec/v1
oid sha256:cc10932361d475761d40f151a66315aaec49e064805bbe9a3475cb17b1c8e103
size 1830803
