version https://git-lfs.github.com/spec/v1
oid sha256:b76f6604a5cf62e4f71726d20bf4ff0c700af03e9983c29a0d2b195a1e1a7cad
size 1189335
