version https://git-lfs.github.com/spec/v1
oid sha256:a11629057c9843b44a4af6feedd5144655197167c847e40b8cc0860f96bc99ce
size 1240152
