version https://git-lfs.github.com/spec/v1
oid sha256:cd0858f9ea41c87d81c253f75b32002d2e253c0864cec88988465713b0a00551
size 26040
