version https://git-lfs.github.com/spec/v1
oid sha256:ad8e8048f7907ce0b5fe5447ef67a1e37cae42700d48406d11d4dd74cf96a8c5
size 690627
