version https://git-lfs.github.com/spec/v1
oid sha256:59b0c5ff7ef11c611172361518c8992028cc7b822cc3d781d1c01dcbc432721f
size 690607
