version https://git-lfs.github.com/spec/v1
oid sha256:7c814969aff20660fbd261127ba5cb2f5ea471176b4a6fe276d4617d2147ddc4
size 60608
