version https://git-lfs.github.com/spec/v1
oid sha256:870bd29b572c7a83f851241c9695bfc08a7ed435bad984877f1e068f2b598df0
size 26392
