version https://git-lfs.github.com/spec/v1
oid sha256:dc6a07cab206b14689926a7695a54c239e95a99184889ccfdad74a62550e0103
size 26555
