version https://git-lfs.github.com/spec/v1
oid sha256:9cd60cf24f3177f84d866b8206a1703897a22646b0536a9c237d26b03818ccf4
size 3272000
