version https://git-lfs.github.com/spec/v1
oid sha256:23cc03c36f7969188d61788fd08a51e1584fe9b6795d61b88f1962480e9e778f
size 6286485
