---
source: duvet/src/text/find.rs
expression: "find(\"d\", \"a b c d\")"
---
Some(
    (
        6..7,
        "d",
    ),
)
