---
source: src/text.rs
expression: "find(\"a\", \"a b c d\")"
---
Some(
    (
        0..1,
        "a",
    ),
)
